// Jest Snapshot v1, https://goo.gl/fbAQLP

exports[`Style renders correctly 1`] = `
<Text
  style={
    Array [
      Object {
        "color": "#000",
      },
      Array [
        undefined,
        Object {
          "fontFamily": "space-mono",
        },
      ],
    ]
  }
>
  Snapshot test!
</Text>
`;

exports[`Styled  renders correctly 1`] = `
<Text
  style={
    Array [
      Object {
        "color": "#000",
      },
      Array [
        undefined,
        Object {
          "fontFamily": "space-mono",
        },
      ],
    ]
  }
>
  Snapshot test!
</Text>
`;

exports[`Styled Text renders correctly 1`] = `
<Text
  style={
    Array [
      Object {
        "color": "#000",
      },
      Array [
        undefined,
        Object {
          "fontFamily": "space-mono",
        },
      ],
    ]
  }
>
  Snapshot test!
</Text>
`;

exports[`Styled Text: renders correctly 1`] = `
<Text
  style={
    Array [
      Object {
        "color": "#000",
      },
      Array [
        undefined,
        Object {
          "fontFamily": "space-mono",
        },
      ],
    ]
  }
>
  Snapshot test!
</Text>
`;

exports[`Styled Text> renders correctly 1`] = `
<Text
  style={
    Array [
      Object {
        "color": "#000",
      },
      Array [
        undefined,
        Object {
          "fontFamily": "space-mono",
        },
      ],
    ]
  }
>
  Snapshot test!
</Text>
`;

exports[`Styled Text>?  renders correctly 1`] = `
<Text
  style={
    Array [
      Object {
        "color": "#000",
      },
      Array [
        undefined,
        Object {
          "fontFamily": "space-mono",
        },
      ],
    ]
  }
>
  Snapshot test!
</Text>
`;

exports[`Styled ext renders correctly 1`] = `
<Text
  style={
    Array [
      Object {
        "color": "#000",
      },
      Array [
        undefined,
        Object {
          "fontFamily": "space-mono",
        },
      ],
    ]
  }
>
  Snapshot test!
</Text>
`;

exports[`Styled t renders correctly 1`] = `
<Text
  style={
    Array [
      Object {
        "color": "#000",
      },
      Array [
        undefined,
        Object {
          "fontFamily": "space-mono",
        },
      ],
    ]
  }
>
  Snapshot test!
</Text>
`;

exports[`Styled te renders correctly 1`] = `
<Text
  style={
    Array [
      Object {
        "color": "#000",
      },
      Array [
        undefined,
        Object {
          "fontFamily": "space-mono",
        },
      ],
    ]
  }
>
  Snapshot test!
</Text>
`;

exports[`Styled tex renders correctly 1`] = `
<Text
  style={
    Array [
      Object {
        "color": "#000",
      },
      Array [
        undefined,
        Object {
          "fontFamily": "space-mono",
        },
      ],
    ]
  }
>
  Snapshot test!
</Text>
`;

exports[`Styled text  renders correctly 1`] = `
<Text
  style={
    Array [
      Object {
        "color": "#000",
      },
      Array [
        undefined,
        Object {
          "fontFamily": "space-mono",
        },
      ],
    ]
  }
>
  Snapshot test!
</Text>
`;

exports[`Styled text renders correctly 1`] = `
<Text
  style={
    Array [
      Object {
        "color": "#000",
      },
      Array [
        undefined,
        Object {
          "fontFamily": "space-mono",
        },
      ],
    ]
  }
>
  Snapshot test!
</Text>
`;

exports[`Styled text s renders correctly 1`] = `
<Text
  style={
    Array [
      Object {
        "color": "#000",
      },
      Array [
        undefined,
        Object {
          "fontFamily": "space-mono",
        },
      ],
    ]
  }
>
  Snapshot test!
</Text>
`;

exports[`Styled text sc renders correctly 1`] = `
<Text
  style={
    Array [
      Object {
        "color": "#000",
      },
      Array [
        undefined,
        Object {
          "fontFamily": "space-mono",
        },
      ],
    ]
  }
>
  Snapshot test!
</Text>
`;

exports[`Styled text scre renders correctly 1`] = `
<Text
  style={
    Array [
      Object {
        "color": "#000",
      },
      Array [
        undefined,
        Object {
          "fontFamily": "space-mono",
        },
      ],
    ]
  }
>
  Snapshot test!
</Text>
`;

exports[`Styled text scree renders correctly 1`] = `
<Text
  style={
    Array [
      Object {
        "color": "#000",
      },
      Array [
        undefined,
        Object {
          "fontFamily": "space-mono",
        },
      ],
    ]
  }
>
  Snapshot test!
</Text>
`;

exports[`Styled text screen renders correctly 1`] = `
<Text
  style={
    Array [
      Object {
        "color": "#000",
      },
      Array [
        undefined,
        Object {
          "fontFamily": "space-mono",
        },
      ],
    ]
  }
>
  Snapshot test!
</Text>
`;

exports[`renders correctly 1`] = `
<Text
  style={
    Array [
      Object {
        "color": "#000",
      },
      Array [
        undefined,
        Object {
          "fontFamily": "space-mono",
        },
      ],
    ]
  }
>
  Snapshot test!
</Text>
`;

exports[`renders correctly 2`] = `
<Text
  style={
    Array [
      Object {
        "color": "#000",
      },
      Array [
        undefined,
        Object {
          "fontFamily": "space-mono",
        },
      ],
    ]
  }
>
  Snapshot test!
</Text>
`;

exports[`renders correctly 3`] = `
<Text
  style={
    Array [
      Object {
        "color": "#000",
      },
      Array [
        undefined,
        Object {
          "fontFamily": "space-mono",
        },
      ],
    ]
  }
>
  Snapshot test!
</Text>
`;

exports[`renders correctly 4`] = `
<Text
  style={
    Array [
      Object {
        "color": "#000",
      },
      Array [
        undefined,
        Object {
          "fontFamily": "space-mono",
        },
      ],
    ]
  }
>
  Snapshot test!
</Text>
`;

exports[`renders correctly 5`] = `
<Text
  style={
    Array [
      Object {
        "color": "#000",
      },
      Array [
        undefined,
        Object {
          "fontFamily": "space-mono",
        },
      ],
    ]
  }
>
  Snapshot test!
</Text>
`;

exports[`renders correctly 6`] = `
<Text
  style={
    Array [
      Object {
        "color": "#000",
      },
      Array [
        undefined,
        Object {
          "fontFamily": "space-mono",
        },
      ],
    ]
  }
>
  Snapshot test!
</Text>
`;
